// Jest Snapshot v1, https://goo.gl/fbAQLP

exports[`VMStatusConditionLabel 1`] = `
<DocumentFragment>
  <div
    style="display: contents;"
  >
    <span
      class="pf-v5-c-label"
    >
      <a
        class="pf-v5-c-label__content"
        href="#"
      >
        <span
          class="pf-v5-c-label__text"
        >
          Failure=true
        </span>
      </a>
    </span>
  </div>
</DocumentFragment>
`;
