// Jest Snapshot v1, https://goo.gl/fbAQLP

exports[`Render VMStatusConditionLabelList 1`] = `
<div
  className="pf-c-label-group"
>
  <div
    className="pf-c-label-group__main"
  >
    
    <ul
      aria-label="Label group category"
      className="pf-c-label-group__list"
      role="list"
    >
      <li
        className="pf-c-label-group__list-item"
      >
        <span
          className="pf-c-label"
          onClick={[Function]}
        >
          <a
            className="pf-c-label__content"
            href="#"
          >
            <span
              className="pf-c-label__text"
            >
              no_vmi
              =
              true
            </span>
          </a>
        </span>
      </li>
      <li
        className="pf-c-label-group__list-item"
      >
        <span
          className="pf-c-label"
          onClick={[Function]}
        >
          <a
            className="pf-c-label__content"
            href="#"
          >
            <span
              className="pf-c-label__text"
            >
              ready
              =
              true
            </span>
          </a>
        </span>
      </li>
    </ul>
  </div>
</div>
`;
